NoMethodError: undefined method `>' for true:Bool
