NameError: undefined local variable or method `a' for main:Object
