NoMethodError: undefined method `hola' for Auto:Class