NoMethodError: undefined method `not_def' for Auto:Class