NoMethodError: undefined method `marca' for Auto:Class