5
2
12
0
false
false
false
true
true
false
true
false
true
false
true
false
true
false
