4
0
6
4
2
NoMethodError: undefined method `length' for 1:Fixnum
