Labrador
Labrador
guau!
auuuuu!
guau!
auuuuu!
salto!: 1
salto!: 2
salto!: 3
Labradors
La nueva raza es: Salchicha

miau
Siames
SiamesSiames
Que miras Salchicha!
5!23!@!
guau!
!$$$%%@!!
miau!
auuuuu!
Que miras Bulldog!
5!23!@!
guau!
!$$$%%@!!
miau!
auuuuu!
Pekines
