ERROR: Line 7, comment
ERROR: Line 7, syntax error
