0
0.123
1
1.23
2
3.3
4.2
4.6
hola hola
1hola
hola1
