false
true
true
false
true
true
false
false
true
true
false
true
false
true
TypeError: Fixnum can't be coerced into String
