false
true
false
false
true
false
false
false
false
true
false
false
false
false
TypeError: Fixnum can't be coerced into String
