true
false
true
true
false
true
true
true
true
false
true
true
true
true
TypeError: Fixnum can't be coerced into String
