0
0.123
1
0
1
3
0.5
1.5
3.0
0.434783
1.5
0.4
1.5
2.0
0.352941
0.352941
