BlockError: a block is required for method `each'
