A
B
C
D

0

1
2
3

1
2
3

4
8
12

3
hola
4
3
hola
5
3
hola
6
1
2
3
