entre a la clase


Chevrolet
________INFO_________
marca: Chevrolet, anio: 1998
duenio: Nadie
Rojo
Negro
Azul
________INFO_________


________INFO_________
marca: Ford, anio: 1998
duenio: Juan Gonzalez
Rojo
Negro
Azul
________INFO_________


BIEN


Verde
Amarillo


Este auto solo acepta rodado uno
puse rueda
