4
0
6
4
2
5
2
12
0
false
false
false
true
false
false
true
false
true
false
true
false
true
false
true
false
true
true
ArgumentError: wrong number of arguments (2 for 1)
