ArgumentError: wrong number of arguments (2 for 1)
