NameError: undefined local variable or method `method_111111' for main:Object
