
hola
chau
hola\nchau
hola\n\nchau
hola\nchau\n
hola\nchau\n\n
\nchau\n\n
\n\n
hola

chau
hola
chau

hola
chau



chau





