NameError: undefined local variable or method `identifier' for main:Object
