This is 'included_file.rb'
This is 'require_1.rb'
