NameError: undefined local variable or method `x' for main:Object
