3
NameError: undefined local variable or method `z' for main:Object
