La variable xyz es mayor que 4
Puedo poner mas instrucciones dentro del if
Se puede anidar un bloque if, else, end dentro de otro
0
