-1
1
0
-1
1
0
-1
-1
0
1
-1
0
-1
0






NoMethodError: undefined method `<=>' for true:Bool
