NoMethodError: undefined method `each' for "bar":String
