This is 'included_file.rb'
This is 'included_file.rb'
This is 'included_file.rb'
This is 'require_2.rb'.
